// Vitest Snapshot v1, https://vitest.dev/guide/snapshot.html

exports[`FirstStepsApp > should match snapshot 1`] = `
<div>
  <h1>
    Carrito de Compras
  </h1>
  <ul>
    <div
      data-testid="ItemCounter"
    />
    <div
      data-testid="ItemCounter"
    />
    <div
      data-testid="ItemCounter"
    />
    <div
      data-testid="ItemCounter"
    />
  </ul>
</div>
`;
