// Vitest Snapshot v1, https://vitest.dev/guide/snapshot.html

exports[`MyAwesomeApp > should match the snapshot 1`] = `
<div>
  <h1
    style="color: blue; font-size: 20px; font-weight: bold;"
  >
    Hola, soy 
    Rafael
     
    Montero
  </h1>
  <h2>
    Mis juegos favoritos son:
  </h2>
  <ul>
    <li>
      The Legend of Zelda
    </li>
    <li>
      Assassin Creed
    </li>
    <li>
      Metroid
    </li>
    <li>
      Doom Eternal
    </li>
  </ul>
</div>
`;
